tick 103
versus 0 0
map 40 40
########################################
####++++++##########    ### #######   ##
##++++++++++#######      #  ###        #
##+++++++++++######         #          #
#++++++++++++#####+                    #
#+++++++++++++###+++   ###        #   ##
#+++++++++++++###+++  ###       ###   ##
#+++++++++++++##+++++####      ##     ##
#+++++++++++++##++++####     ####   x,##
#++++++++++++++#++++####    ####  xxxx##
##+++++++++++++#+++#####   #### xxxx,###
##+++++++++++++++++####  ,###, xxxxxxxx#
###+++++++++++++++#####,,,###xxxxxx#xx,#
##++++++++##+++++#####,,,,###,xxx####xx#
#++++##+++###+++######,,,,,,,,xx#####xx#
#++####+++###+++###++#,,,,,,,,xx#####xx#
##++##++++##++++##+++,,,xx,,,,,,####xxx#
###+##++++##++++#+++++x,,x,,######xxxxx#
#####+++++##++++++++++xx,x#######xxxxx##
###++++++###++++++++xxxxxxx####xxxxxxx##
##+++++++####+++.+++xxxxxxxx###xxxxxx###
##+++++#######++++;xxxxxxxxx##xxxxx#####
#+++++######.++++.;xxxx#xxxx##xxxx##x###
#.++####......+....xxx##xxxx##xxxx##xx##
#++#####..........#xx###xxx###xxx####xx#
#++#####..........######xxx###xxx##xxxx#
#++####++..###....#####xxxxx##xxxxxxxx##
#+++#++++..###...#####xxxxxxxxxxxxxxx###
#++++++++ .###.  ####xxxxxxxxxxxxxxxxx##
###+++++ ####   #####xxx#xxxxxxxxxxxxx##
##++++  ####    ####xxxx#xxxxxxxxxxxxxx#
##+.   ####     ####xxxx##xxxxxxxxxxxxx#
##     ##      ####xxxxx##xxxxxxxxxxxxx#
##   ###       ###  xxx###xxxxxxxxxxxxx#
##   #        ###   xxx###xxxxxxxxxxxxx#
#                    x#####xxxxxxxxxxxx#
#          #         ######xxxxxxxxxxx##
#        ###  #      #######xxxxxxxxxx##
##   ####### ###    ##########xxxxxx####
########################################
hatcheries 2
1 0 4 4 1500 3588
2 1 33 33 1500 3849
creep_tumors 8
5 1 35 25 200 -1
6 0 4 14 200 -1
7 1 27 28 200 -1
8 0 12 11 200 -1
9 1 38 17 200 34
10 0 1 22 200 33
11 1 27 20 200 24
12 0 12 19 200 23
units 4
3 0 21 17 175 93
4 1 19 22 175 94
13 1 26 27 175 11
14 0 12 12 175 10
.
