tick 753
versus 0 0
map 40 40
########################################
####++++++##########++++### #######   ##
##++++++++++#######++++++#  ###xxxxxx  #
##+++++++++++######+++++++xx#xxxxxxxxxx#
#++++++++++++#####+++++++xxxxxxxxxxxxxx#
#+++++++++++++###++++++###xxxxxxxx#xxx##
#+++++++++++++###+++++###xxxxxxx###xxx##
#+++++++++++++##+++++####xxxxxx##xxxxx##
#+++++++++++++##++++####xxxxx####xxxxx##
#++++++++++++++#++++####xxxx####xxxxxx##
##+++++++++++++#+++#####xxx####xxxxxx###
##+++++++++++++++++####xxx###xxxxxxxxxx#
###+++++++++++++++#####xxx###xxxxxx#xxx#
##++++++++##+++++#####++xx###xxxx####xx#
#++++##+++###+++######++xxxxxxxx#####xx#
#++####+++###+++###++#+++xxxxxxx#####xx#
##++##++++##++++##+++++++xxxxxxx####xxx#
###+##++++##++++#+++++xxxxxx######xxxxx#
#####+++++##++++++++++xxxx#######xxxxx##
###++++++###++++++++xxxxxxx####xxxxxxx##
##+++++++####+++++++xxxxxxxx###xxxxxx###
##+++++#######++xxxxxxxxxxxx##xxxxx#####
#+++++######+++xxxxxxxx#xxxx##xxxx##x###
#+++####+++++++xxxxxxx##xxxx##xxxx##xx##
#++#####+++++++xxx#xx###xxx###xxx####xx#
#++#####++++++++xx######xxx###xxx##xxxx#
#++####++++###+++x#####xxxxx##xxxxxxxx##
#+++#++++++###+++#####xxxxxxxxxxxxxxx###
#++++++++++###+++####xxxxxxxxxxxxxxxxx##
###++++++####+++#####xxx#xxxxxxxxxxxxx##
##++++++####++++####xxxx#xxxxxxxxxxxxxx#
##+++++####+++++####xxxx##xxxxxxxxxxxxx#
##+++++##++++++####xxxxx##xxxxxxxxxxxxx#
##+++###+++++++###xxxxx###xxxxxxxxxxxxx#
##+++#++++++++###xxxxxx###xxxxxxxxxxxxx#
#++++++++++++++xxxxxxx#####xxxxxxxxxxxx#
#++++++++++#++xxxxxxx######xxxxxxxxxxx##
#  ++++++###++#xxxxxx#######xxxxxxxxxx##
##   #######+###xxxx##########xxxxxx####
########################################
hatcheries 2
1 0 4 4 1500 9919
2 1 33 33 1500 11365
creep_tumors 14
5 1 35 25 200 -1
6 0 4 14 200 -1
7 1 27 28 200 -1
8 0 12 11 200 -1
9 1 38 17 200 -1
10 0 1 22 200 -1
15 1 32 10 200 -1
16 0 7 29 200 -1
26 1 22 34 200 -1
30 0 17 5 200 -1
31 1 23 26 200 -1
34 0 18 11 160 -1
53 0 12 19 80 -1
63 0 15 31 200 49
units 1
60 0 19 20 3 106
.
